[
  {
    "rule": "TailwindCss.ConsistentClassOrder",
    "message": "Order css class names in a consistent way to improve readability.",
    "details": [
      "Ordering css classes is very helpful when using tailwind css, since there are often a lot of them.\nScoped functionality such as dark mode, media queries etc. are better understood if grouped together.",
      "See this link for more information on the ordering used: https://tailwindcss.com/blog/automatic-class-sorting-with-prettier#how-classes-are-sorted"
    ],
    "region": {
      "start": {
        "line": 32,
        "column": 28
      },
      "end": {
        "line": 32,
        "column": 99
      }
    },
    "fix": [
      {
        "range": {
          "start": {
            "line": 32,
            "column": 28
          },
          "end": {
            "line": 32,
            "column": 99
          }
        },
        "string": "\"bgd peer mx-8xl flex items-center justify-center p-4 dark:bg-slate-50\""
      }
    ],
    "formatted": [
      {
        "string": "(fix) ",
        "color": "#33BBC8"
      },
      {
        "string": "TailwindCss.ConsistentClassOrder",
        "color": "#FF0000"
      },
      ": Order css class names in a consistent way to improve readability.\n\n31|     , body =\n32|         [ Html.div [ class \"peer justify-center p-4 dark:bg-slate-50 items-center flex mx-8xl bgd\" ]\n                               ",
      {
        "string": "^^^^^^^^^^^^^^^^^^^^^^^^^^^^^^^^^^^^^^^^^^^^^^^^^^^^^^^^^^^^^^^^^^^^^^^",
        "color": "#FF0000"
      },
      "\n33|             [ Html.h1 [ class \"peer-checked:left-0 unknown-class p-8 known-class bgd:bg-slate-500 sm:w-12 lg:w-24 w-48\" ] [ text model.message ]\n\nOrdering css classes is very helpful when using tailwind css, since there are often a lot of them.\nScoped functionality such as dark mode, media queries etc. are better understood if grouped together.\n\nSee this link for more information on the ordering used: https://tailwindcss.com/blog/automatic-class-sorting-with-prettier#how-classes-are-sorted"
    ],
    "suppressed": false,
    "originallySuppressed": false
  },
  {
    "rule": "TailwindCss.ConsistentClassOrder",
    "message": "Order css class names in a consistent way to improve readability.",
    "details": [
      "Ordering css classes is very helpful when using tailwind css, since there are often a lot of them.\nScoped functionality such as dark mode, media queries etc. are better understood if grouped together.",
      "See this link for more information on the ordering used: https://tailwindcss.com/blog/automatic-class-sorting-with-prettier#how-classes-are-sorted"
    ],
    "region": {
      "start": {
        "line": 33,
        "column": 31
      },
      "end": {
        "line": 33,
        "column": 120
      }
    },
    "fix": [
      {
        "range": {
          "start": {
            "line": 33,
            "column": 31
          },
          "end": {
            "line": 33,
            "column": 120
          }
        },
        "string": "\"unknown-class known-class w-48 p-8 peer-checked:left-0 bgd:bg-slate-500 sm:w-12 lg:w-24\""
      }
    ],
    "formatted": [
      {
        "string": "(fix) ",
        "color": "#33BBC8"
      },
      {
        "string": "TailwindCss.ConsistentClassOrder",
        "color": "#FF0000"
      },
      ": Order css class names in a consistent way to improve readability.\n\n32|         [ Html.div [ class \"peer justify-center p-4 dark:bg-slate-50 items-center flex mx-8xl bgd\" ]\n33|             [ Html.h1 [ class \"peer-checked:left-0 unknown-class p-8 known-class bgd:bg-slate-500 sm:w-12 lg:w-24 w-48\" ] [ text model.message ]\n                                  ",
      {
        "string": "^^^^^^^^^^^^^^^^^^^^^^^^^^^^^^^^^^^^^^^^^^^^^^^^^^^^^^^^^^^^^^^^^^^^^^^^^^^^^^^^^^^^^^^^^",
        "color": "#FF0000"
      },
      "\n34|             , Html.p [ class \"p-2 p-4\", classList [ ( \"bg-black peer-open:hover:dark:right-0 block\", True ), ( \"unknown m-4\", False ) ] ] [ text \"Some text\" ]\n\nOrdering css classes is very helpful when using tailwind css, since there are often a lot of them.\nScoped functionality such as dark mode, media queries etc. are better understood if grouped together.\n\nSee this link for more information on the ordering used: https://tailwindcss.com/blog/automatic-class-sorting-with-prettier#how-classes-are-sorted"
    ],
    "suppressed": false,
    "originallySuppressed": false
  },
  {
    "rule": "TailwindCss.ConsistentClassOrder",
    "message": "Order css class names in a consistent way to improve readability.",
    "details": [
      "Ordering css classes is very helpful when using tailwind css, since there are often a lot of them.\nScoped functionality such as dark mode, media queries etc. are better understood if grouped together.",
      "See this link for more information on the ordering used: https://tailwindcss.com/blog/automatic-class-sorting-with-prettier#how-classes-are-sorted"
    ],
    "region": {
      "start": {
        "line": 34,
        "column": 55
      },
      "end": {
        "line": 34,
        "column": 100
      }
    },
    "fix": [
      {
        "range": {
          "start": {
            "line": 34,
            "column": 55
          },
          "end": {
            "line": 34,
            "column": 100
          }
        },
        "string": "\"block bg-black peer-open:hover:dark:right-0\""
      }
    ],
    "formatted": [
      {
        "string": "(fix) ",
        "color": "#33BBC8"
      },
      {
        "string": "TailwindCss.ConsistentClassOrder",
        "color": "#FF0000"
      },
      ": Order css class names in a consistent way to improve readability.\n\n33|             [ Html.h1 [ class \"peer-checked:left-0 unknown-class p-8 known-class bgd:bg-slate-500 sm:w-12 lg:w-24 w-48\" ] [ text model.message ]\n34|             , Html.p [ class \"p-2 p-4\", classList [ ( \"bg-black peer-open:hover:dark:right-0 block\", True ), ( \"unknown m-4\", False ) ] ] [ text \"Some text\" ]\n                                                          ",
      {
        "string": "^^^^^^^^^^^^^^^^^^^^^^^^^^^^^^^^^^^^^^^^^^^^^",
        "color": "#FF0000"
      },
      "\n35|             ]\n\nOrdering css classes is very helpful when using tailwind css, since there are often a lot of them.\nScoped functionality such as dark mode, media queries etc. are better understood if grouped together.\n\nSee this link for more information on the ordering used: https://tailwindcss.com/blog/automatic-class-sorting-with-prettier#how-classes-are-sorted"
    ],
    "suppressed": false,
    "originallySuppressed": false
  },
  {
    "rule": "TailwindCss.NoCssConflict",
    "message": "Css classes 'p-2' and 'p-4' both set the same css property 'padding'. Delete one of them.",
    "details": [
      "This makes it hard to reason about which style actually applies at runtime and in some cases it can depend on things like the order of declarations in your css file.",
      "Try to make your classes smaller and more modular or alternatively, duplicate styles where necessary instead of overriding other classes.",
      "This is a pretty strict rule. If you have usecases where this makes sense, you should probably disable the rule and move on."
    ],
    "region": {
      "start": {
        "line": 34,
        "column": 30
      },
      "end": {
        "line": 34,
        "column": 39
      }
    },
    "formatted": [
      {
        "string": "TailwindCss.NoCssConflict",
        "color": "#FF0000"
      },
      ": Css classes 'p-2' and 'p-4' both set the same css property 'padding'. Delete one of them.\n\n33|             [ Html.h1 [ class \"peer-checked:left-0 unknown-class p-8 known-class bgd:bg-slate-500 sm:w-12 lg:w-24 w-48\" ] [ text model.message ]\n34|             , Html.p [ class \"p-2 p-4\", classList [ ( \"bg-black peer-open:hover:dark:right-0 block\", True ), ( \"unknown m-4\", False ) ] ] [ text \"Some text\" ]\n                                 ",
      {
        "string": "^^^^^^^^^",
        "color": "#FF0000"
      },
      "\n35|             ]\n\nThis makes it hard to reason about which style actually applies at runtime and in some cases it can depend on things like the order of declarations in your css file.\n\nTry to make your classes smaller and more modular or alternatively, duplicate styles where necessary instead of overriding other classes.\n\nThis is a pretty strict rule. If you have usecases where this makes sense, you should probably disable the rule and move on."
    ],
    "suppressed": false,
    "originallySuppressed": false
  },
  {
    "rule": "TailwindCss.NoUnknownClasses",
    "message": "Css class 'unknown-class' is not in your stylesheet.",
    "details": [
      "Assuming things are setup correctly, all your stylesheets went into postcss and our postcss plugin generated a list of valid classes.\nThe above list of classes were not in that list. You can probably just delete the classes and move on.\nWhen in doubt, rerun postcss and elm-review or look for the classes in your stylesheets.",
      "If you have any styles external to your application, e.g. your Elm app is not the entire website and there are some shared styles, you should probably disable this rule."
    ],
    "region": {
      "start": {
        "line": 33,
        "column": 31
      },
      "end": {
        "line": 33,
        "column": 120
      }
    },
    "fix": [
      {
        "range": {
          "start": {
            "line": 33,
            "column": 31
          },
          "end": {
            "line": 33,
            "column": 120
          }
        },
        "string": "\"peer-checked:left-0 p-8 known-class bgd:bg-slate-500 sm:w-12 lg:w-24 w-48\""
      }
    ],
    "formatted": [
      {
        "string": "(fix) ",
        "color": "#33BBC8"
      },
      {
        "string": "TailwindCss.NoUnknownClasses",
        "color": "#FF0000"
      },
      ": Css class 'unknown-class' is not in your stylesheet.\n\n32|         [ Html.div [ class \"peer justify-center p-4 dark:bg-slate-50 items-center flex mx-8xl bgd\" ]\n33|             [ Html.h1 [ class \"peer-checked:left-0 unknown-class p-8 known-class bgd:bg-slate-500 sm:w-12 lg:w-24 w-48\" ] [ text model.message ]\n                                  ",
      {
        "string": "^^^^^^^^^^^^^^^^^^^^^^^^^^^^^^^^^^^^^^^^^^^^^^^^^^^^^^^^^^^^^^^^^^^^^^^^^^^^^^^^^^^^^^^^^",
        "color": "#FF0000"
      },
      "\n34|             , Html.p [ class \"p-2 p-4\", classList [ ( \"bg-black peer-open:hover:dark:right-0 block\", True ), ( \"unknown m-4\", False ) ] ] [ text \"Some text\" ]\n\nAssuming things are setup correctly, all your stylesheets went into postcss and our postcss plugin generated a list of valid classes.\nThe above list of classes were not in that list. You can probably just delete the classes and move on.\nWhen in doubt, rerun postcss and elm-review or look for the classes in your stylesheets.\n\nIf you have any styles external to your application, e.g. your Elm app is not the entire website and there are some shared styles, you should probably disable this rule."
    ],
    "suppressed": false,
    "originallySuppressed": false
  },
  {
    "rule": "TailwindCss.NoUnknownClasses",
    "message": "Css class 'unknown' is not in your stylesheet.",
    "details": [
      "Assuming things are setup correctly, all your stylesheets went into postcss and our postcss plugin generated a list of valid classes.\nThe above list of classes were not in that list. You can probably just delete the classes and move on.\nWhen in doubt, rerun postcss and elm-review or look for the classes in your stylesheets.",
      "If you have any styles external to your application, e.g. your Elm app is not the entire website and there are some shared styles, you should probably disable this rule."
    ],
    "region": {
      "start": {
        "line": 34,
        "column": 112
      },
      "end": {
        "line": 34,
        "column": 125
      }
    },
    "fix": [
      {
        "range": {
          "start": {
            "line": 34,
            "column": 112
          },
          "end": {
            "line": 34,
            "column": 125
          }
        },
        "string": "\"m-4\""
      }
    ],
    "formatted": [
      {
        "string": "(fix) ",
        "color": "#33BBC8"
      },
      {
        "string": "TailwindCss.NoUnknownClasses",
        "color": "#FF0000"
      },
      ": Css class 'unknown' is not in your stylesheet.\n\n33|             [ Html.h1 [ class \"peer-checked:left-0 unknown-class p-8 known-class bgd:bg-slate-500 sm:w-12 lg:w-24 w-48\" ] [ text model.message ]\n34|             , Html.p [ class \"p-2 p-4\", classList [ ( \"bg-black peer-open:hover:dark:right-0 block\", True ), ( \"unknown m-4\", False ) ] ] [ text \"Some text\" ]\n                                                                                                                   ",
      {
        "string": "^^^^^^^^^^^^^",
        "color": "#FF0000"
      },
      "\n35|             ]\n\nAssuming things are setup correctly, all your stylesheets went into postcss and our postcss plugin generated a list of valid classes.\nThe above list of classes were not in that list. You can probably just delete the classes and move on.\nWhen in doubt, rerun postcss and elm-review or look for the classes in your stylesheets.\n\nIf you have any styles external to your application, e.g. your Elm app is not the entire website and there are some shared styles, you should probably disable this rule."
    ],
    "suppressed": false,
    "originallySuppressed": false
  }
]
